// Jest Snapshot v1, https://goo.gl/fbAQLP

exports[`renders snapshot 1`] = `
<div>
  Invalid data
</div>
`;

exports[`renders snapshot with props 1`] = `
<div
  className="DayWeather-container"
>
  <div
    className="DayWeather-item"
  >
    Wednesday 27
  </div>
  <div
    className="DayWeather-item"
  >
    26째C/78째F
  </div>
  <div
    className="DayWeather-item"
  >
    25째C/78째F
  </div>
  <div
    className="DayWeather-item"
  >
    a
  </div>
  <div
    className="DayWeather-item"
  >
    4kmh/2mph N
  </div>
</div>
`;
