// Jest Snapshot v1, https://goo.gl/fbAQLP

exports[`renders snapshot 1`] = `
<div>
  Invalid data
</div>
`;

exports[`renders snapshot with props 1`] = `
<div
  className="HourWeather-container"
>
  <div
    className="HourWeather-item"
  >
    13:00
  </div>
  <div
    className="HourWeather-item"
  >
    25.64째C/78.14째F
  </div>
  <div
    className="HourWeather-item"
  >
    25.42째C/77.76째F
  </div>
  <div
    className="HourWeather-item"
  >
    a
  </div>
  <div
    className="HourWeather-item"
  >
    3.60kmh/2.24mph N
  </div>
</div>
`;
